I (43) boot: ESP-IDF v3.4-dev-389-gea4f93b7-dirty 2nd stage bootloader
I (43) boot: compile time 21:27:06
I (45) boot: SPI Speed      : 40MHz
I (51) boot: SPI Mode       : DOUT
I (57) boot: SPI Flash Size : 1MB
I (63) boot: Partition Table:
I (69) boot: ## Label            Usage          Type ST Offset   Length
I (80) boot:  0 nvs              WiFi data        01 02 00009000 00006000
I (92) boot:  1 phy_init         RF data          01 01 0000f000 00001000
I (103) boot:  2 factory          factory app      00 00 00010000 000f0000
I (115) boot: End of partition table
I (121) esp_image: segment 0: paddr=0x00010010 vaddr=0x40210010 size=0x1bce4 (113892) map
I (185) esp_image: segment 1: paddr=0x0002bcfc vaddr=0x4022bcf4 size=0x06ee8 ( 28392) map
I (198) esp_image: segment 2: paddr=0x00032bec vaddr=0x3ffe8000 size=0x00554 (  1364) load
I (199) esp_image: segment 3: paddr=0x00033148 vaddr=0x40100000 size=0x00080 (   128) load
I (210) esp_image: segment 4: paddr=0x000331d0 vaddr=0x40100080 size=0x04ee4 ( 20196) load
I (231) boot: Loaded app from partition at offset 0x10000
Integrating Units 1 and Unit 2Keston Smith 816001854
Restarting in 9 seconds...
Restarting in 8 seconds...
Restarting in 7 seconds...
Restarting in 6 seconds...
Restarting in 5 seconds...
Restarting in 4 seconds...
Restarting in 3 seconds...
Restarting in 2 seconds...
Restarting in 1 seconds...
Restarting in 0 seconds...
I (10257) main: cnt: 0

I (10258) main: cnt: 1

I (11257) main: GPIO[0] intr, val: 0

I (11258) main: cnt: 2

I (11259) main: cnt: 3

I (12257) main: GPIO[0] intr, val: 0

I (12258) main: cnt: 4

I (12259) main: cnt: 5

I (13257) main: GPIO[0] intr, val: 0

I (13258) main: cnt: 6

I (13259) main: cnt: 7

I (14257) main: GPIO[0] intr, val: 0
